2026-10-10 05:54:55.811: [INFO] CurrentProfilePath: C:\Users\alexa\simulation\prototypes\PT-006\.history-ui-qa-VnuVcg\Default
2026-10-10 05:54:55.811: [INFO] Profiles total count: 1
2026-10-10 05:54:55.811: [INFO] Profile: name=Профиль 1 path=C:\Users\alexa\simulation\prototypes\PT-006\.history-ui-qa-VnuVcg\Default lastActive=null
2026-10-10 05:54:55.811: [INFO] LastUsedProfileDir: C:\Users\alexa\simulation\prototypes\PT-006\.history-ui-qa-VnuVcg\Default
2026-10-10 05:54:55.811: [INFO] VisibilityChanged: 0
2026-10-10 05:54:55.837: [INFO] RecordSyncInitDuration has_sync_been_enabled: 0 state: 0
2026-10-10 05:54:55.839: [INFO] RecordSyncInitDuration has_sync_been_enabled: 0 state: 0
2026-10-10 05:54:55.841: [INFO] RecordSyncInitDuration has_sync_been_enabled: 0 state: 0
2026-10-10 05:54:55.842: [INFO] RecordSyncInitDuration has_sync_been_enabled: 0 state: 0
2026-10-10 05:54:55.844: [INFO] RecordSyncInitDuration has_sync_been_enabled: 0 state: 0
2026-10-10 05:54:55.846: [INFO] RecordSyncInitDuration has_sync_been_enabled: 0 state: 0
2026-10-10 05:54:55.847: [INFO] RecordSyncInitDuration has_sync_been_enabled: 0 state: 0
2026-10-10 05:54:55.848: [INFO] RecordSyncInitDuration has_sync_been_enabled: 0 state: 0
2026-10-10 05:54:55.850: [INFO] RecordSyncInitDuration has_sync_been_enabled: 0 state: 0
2026-10-10 05:54:55.851: [INFO] RecordSyncInitDuration has_sync_been_enabled: 0 state: 0
2026-10-10 05:54:55.886: [INFO] OnDoneLoading sync enabled: 0
2026-10-10 05:54:55.886: [INFO] BookmarkModelLoaded, ids_reassigned: 0
2026-10-10 05:54:55.886: [INFO] BookmarksLoadDropped droppedNodes=0
2026-10-10 05:54:55.886: [INFO] BookmarksSnapshot Startup total=0 bar=0 other=0 mobile=0 showBar=0 showBarNTP=1
2026-10-10 05:54:55.974: [INFO] RecordSyncInitDuration has_sync_been_enabled: 0 state: 0
